// Jest Snapshot v1, https://goo.gl/fbAQLP

exports[`Grid component renders successfully 1`] = `
<body>
  <div>
    <div
      class="sc-bczRLJ hmnXFb"
    />
  </div>
</body>
`;
