// Jest Snapshot v1, https://goo.gl/fbAQLP

exports[`Rail component renders successfully 1`] = `
<body>
  <div>
    <div
      class="sc-bczRLJ cHeyWZ"
    />
  </div>
</body>
`;
