// Jest Snapshot v1, https://goo.gl/fbAQLP

exports[`SectionHeader should render successfully 1`] = `
<body>
  <div>
    <div
      class="block font-semibold mb-2 text-lg"
    >
      Test
    </div>
  </div>
</body>
`;
