// Jest Snapshot v1, https://goo.gl/fbAQLP

exports[`ProductsList component renders successfully 1`] = `
<body>
  <div />
</body>
`;
