// Jest Snapshot v1, https://goo.gl/fbAQLP

exports[`Shipping should render successfully 1`] = `
<body>
  <div />
</body>
`;
